// Jest Snapshot v1, https://goo.gl/fbAQLP

exports[`should bump a stable version 1`] = `
|
  unreleased:
    breaking:
      - Breaking Change 1
    feature:
      - Feature 2
    fix:
      - Fix 2
  1.0.0:
    metadata:
      date: '2017-01-01'
    feature:
      - Feature 1
    fix:
      - Fix 1

`;
